// Jest Snapshot v1, https://goo.gl/fbAQLP

exports[`matches snapshot 1`] = `
<DocumentFragment>
  <form>
    <h1>
      Login
    </h1>
    <label
      for="username"
    >
      Username
    </label>
    <input
      class="form-control"
      id="username"
      name="username"
      value=""
    />
    <label
      for="password"
    >
      Password
    </label>
    <input
      class="form-control"
      id="password"
      name="password"
      type="password"
      value=""
    />
    <button
      class="btn btn-primary float-right"
      type="submit"
    >
      Submit
    </button>
  </form>
</DocumentFragment>
`;

exports[`matches snapshot when logged out 1`] = `
<DocumentFragment>
  <form>
    <h1>
      Login
    </h1>
    <label
      for="username"
    >
      Username
    </label>
    <input
      class="form-control"
      id="username"
      name="username"
      value=""
    />
    <label
      for="password"
    >
      Password
    </label>
    <input
      class="form-control"
      id="password"
      name="password"
      type="password"
      value=""
    />
    <button
      class="btn btn-primary float-right"
      type="submit"
    >
      Submit
    </button>
  </form>
</DocumentFragment>
`;
