// Jest Snapshot v1, https://goo.gl/fbAQLP

exports[`matches snapshot 1`] = `
<DocumentFragment>
  <div>
    Success! You've edited your account.
    <a
      href="/"
    >
      Return home. 
    </a>
  </div>
</DocumentFragment>
`;
