// Jest Snapshot v1, https://goo.gl/fbAQLP

exports[`matches snapshot 1`] = `
<DocumentFragment>
  <form>
    <div
      class="form-group"
    >
      <label>
        Username
      </label>
      <input
        class="form-control"
        name="username"
        value="testuser"
      />
    </div>
    <div
      class="form-group"
    >
      <label>
        Password
      </label>
      <input
        class="form-control"
        name="password"
        type="password"
        value=""
      />
    </div>
    <button
      class="btn btn-primary float-right"
      type="submit"
    >
      Submit
    </button>
  </form>
</DocumentFragment>
`;
